Welcome to Ubuntu 24.04.1 LTS (GNU/Linux 5.10.16.3-microsoft-standard-WSL2 x86_64)

 * Documentation:  https://help.ubuntu.com
 * Management:     https://landscape.canonical.com
 * Support:        https://ubuntu.com/pro

 System information as of Thu Feb 27 17:40:57 EST 2025

  System load:  0.0                Processes:             9
  Usage of /:   1.7% of 250.98GB   Users logged in:       0
  Memory usage: 1%                 IPv4 address for eth0: 172.25.175.67
  Swap usage:   0%

This message is shown once a day. To disable it please create the
/home/binju/.hushlogin file.
binju@H225-LT3520-06:~$ sudo apt install bwa
[sudo] password for binju:
Reading package lists... Done
Building dependency tree... Done
Reading state information... Done
The following NEW packages will be installed:
  bwa
0 upgraded, 1 newly installed, 0 to remove and 109 not upgraded.
Need to get 195 kB of archives.
After this operation, 421 kB of additional disk space will be used.
Get:1 http://archive.ubuntu.com/ubuntu noble/universe amd64 bwa amd64 0.7.17-7 [195 kB]
Fetched 195 kB in 1s (228 kB/s)
Selecting previously unselected package bwa.
(Reading database ... 42844 files and directories currently installed.)
Preparing to unpack .../bwa_0.7.17-7_amd64.deb ...
Unpacking bwa (0.7.17-7) ...
Setting up bwa (0.7.17-7) ...
Processing triggers for man-db (2.12.0-4build2) ...
binju@H225-LT3520-06:~$ bwa index reference.fa
[bwa_index] Pack FASTA... 10.20 sec
[bwa_index] Construct BWT for the packed sequence...
[BWTIncCreate] textLength=4263693610, availableWord=312009088
[BWTIncConstructFromPacked] 10 iterations done. 99999994 characters processed.
[BWTIncConstructFromPacked] 20 iterations done. 199999994 characters processed.
[BWTIncConstructFromPacked] 30 iterations done. 299999994 characters processed.
[BWTIncConstructFromPacked] 40 iterations done. 399999994 characters processed.
[BWTIncConstructFromPacked] 50 iterations done. 499999994 characters processed.
[BWTIncConstructFromPacked] 60 iterations done. 599999994 characters processed.
[BWTIncConstructFromPacked] 70 iterations done. 699999994 characters processed.
[BWTIncConstructFromPacked] 80 iterations done. 799999994 characters processed.
[BWTIncConstructFromPacked] 90 iterations done. 899999994 characters processed.
[BWTIncConstructFromPacked] 100 iterations done. 999999994 characters processed.
[BWTIncConstructFromPacked] 110 iterations done. 1099999994 characters processed.
[BWTIncConstructFromPacked] 120 iterations done. 1199999994 characters processed.
[BWTIncConstructFromPacked] 130 iterations done. 1299999994 characters processed.
[BWTIncConstructFromPacked] 140 iterations done. 1399999994 characters processed.
[BWTIncConstructFromPacked] 150 iterations done. 1499999994 characters processed.
[BWTIncConstructFromPacked] 160 iterations done. 1599999994 characters processed.
[BWTIncConstructFromPacked] 170 iterations done. 1699999994 characters processed.
[BWTIncConstructFromPacked] 180 iterations done. 1799999994 characters processed.
[BWTIncConstructFromPacked] 190 iterations done. 1899999994 characters processed.
[BWTIncConstructFromPacked] 200 iterations done. 1999999994 characters processed.
[BWTIncConstructFromPacked] 210 iterations done. 2099999994 characters processed.
[BWTIncConstructFromPacked] 220 iterations done. 2199999994 characters processed.
[BWTIncConstructFromPacked] 230 iterations done. 2299999994 characters processed.
[BWTIncConstructFromPacked] 240 iterations done. 2399999994 characters processed.
[BWTIncConstructFromPacked] 250 iterations done. 2499999994 characters processed.
[BWTIncConstructFromPacked] 260 iterations done. 2599999994 characters processed.
[BWTIncConstructFromPacked] 270 iterations done. 2699999994 characters processed.
[BWTIncConstructFromPacked] 280 iterations done. 2799999994 characters processed.
[BWTIncConstructFromPacked] 290 iterations done. 2899999994 characters processed.
[BWTIncConstructFromPacked] 300 iterations done. 2999999994 characters processed.
[BWTIncConstructFromPacked] 310 iterations done. 3099999994 characters processed.
[BWTIncConstructFromPacked] 320 iterations done. 3199999994 characters processed.
[BWTIncConstructFromPacked] 330 iterations done. 3299999994 characters processed.
[BWTIncConstructFromPacked] 340 iterations done. 3399999994 characters processed.
[BWTIncConstructFromPacked] 350 iterations done. 3499999994 characters processed.
[BWTIncConstructFromPacked] 360 iterations done. 3599915914 characters processed.
[BWTIncConstructFromPacked] 370 iterations done. 3692901178 characters processed.
[BWTIncConstructFromPacked] 380 iterations done. 3775542762 characters processed.
[BWTIncConstructFromPacked] 390 iterations done. 3848990778 characters processed.
[BWTIncConstructFromPacked] 400 iterations done. 3914267578 characters processed.
[BWTIncConstructFromPacked] 410 iterations done. 3972281738 characters processed.
[BWTIncConstructFromPacked] 420 iterations done. 4023840858 characters processed.
[BWTIncConstructFromPacked] 430 iterations done. 4069662730 characters processed.
[BWTIncConstructFromPacked] 440 iterations done. 4110385322 characters processed.
[BWTIncConstructFromPacked] 450 iterations done. 4146575594 characters processed.
[BWTIncConstructFromPacked] 460 iterations done. 4178737578 characters processed.
[BWTIncConstructFromPacked] 470 iterations done. 4207319210 characters processed.
[BWTIncConstructFromPacked] 480 iterations done. 4232718586 characters processed.
[BWTIncConstructFromPacked] 490 iterations done. 4255289594 characters processed.
[bwt_gen] Finished constructing BWT in 495 iterations.
[bwa_index] 1380.99 seconds elapse.
[bwa_index] Update BWT... 8.55 sec
[bwa_index] Pack forward-only FASTA... 6.66 sec
[bwa_index] Construct SA from BWT and Occ... 770.31 sec
[main] Version: 0.7.17-r1188
[main] CMD: bwa index reference.fa
[main] Real time: 2180.845 sec; CPU: 2176.721 sec
binju@H225-LT3520-06:~$ ls
activity.sh                      reference.fa.amb                  sampleA_R1.out.fq.gz              sampleB_R1.fq.gz
example_snp.vcf                  reference.fa.ann                  sampleA_R1.out_fastqc.html        sampleB_R1.fq.gz:Zone.Identifier
example_snp.vcf:Zone.Identifier  reference.fa.bwt                  sampleA_R1.out_fastqc.zip         sampleB_R2.fq.gz
nactivity.txt                    reference.fa.pac                  sampleA_R1_fastqc.html            sampleB_R2.fq.gz:Zone.Identifier
new.sh                           reference.fa.sa                   sampleA_R1_fastqc.zip             test.sh
note.sh                          reference.fa:Zone.Identifier      sampleA_R2.fq.gz                  testfiles
practice_folder                  sampleA_R1.fq.gz                  sampleA_R2.fq.gz:Zone.Identifier
reference.fa                     sampleA_R1.fq.gz:Zone.Identifier  sampleA_R2.out.fq.gz
binju@H225-LT3520-06:~$ mkdir trim
binju@H225-LT3520-06:~$ ls
activity.sh                      reference.fa                  sampleA_R1.fq.gz                  sampleA_R2.fq.gz                  test.sh
example_snp.vcf                  reference.fa.amb              sampleA_R1.fq.gz:Zone.Identifier  sampleA_R2.fq.gz:Zone.Identifier  testfiles
example_snp.vcf:Zone.Identifier  reference.fa.ann              sampleA_R1.out.fq.gz              sampleA_R2.out.fq.gz              trim
nactivity.txt                    reference.fa.bwt              sampleA_R1.out_fastqc.html        sampleB_R1.fq.gz
new.sh                           reference.fa.pac              sampleA_R1.out_fastqc.zip         sampleB_R1.fq.gz:Zone.Identifier
note.sh                          reference.fa.sa               sampleA_R1_fastqc.html            sampleB_R2.fq.gz
practice_folder                  reference.fa:Zone.Identifier  sampleA_R1_fastqc.zip             sampleB_R2.fq.gz:Zone.Identifier
binju@H225-LT3520-06:~$ mv out.fq.gz trim
mv: cannot stat 'out.fq.gz': No such file or directory
binju@H225-LT3520-06:~$ mkdir sam
binju@H225-LT3520-06:~$ ls
activity.sh                      reference.fa.amb              sampleA_R1.fq.gz:Zone.Identifier  sampleA_R2.out.fq.gz
example_snp.vcf                  reference.fa.ann              sampleA_R1.out.fq.gz              sampleB_R1.fq.gz
example_snp.vcf:Zone.Identifier  reference.fa.bwt              sampleA_R1.out_fastqc.html        sampleB_R1.fq.gz:Zone.Identifier
nactivity.txt                    reference.fa.pac              sampleA_R1.out_fastqc.zip         sampleB_R2.fq.gz
new.sh                           reference.fa.sa               sampleA_R1_fastqc.html            sampleB_R2.fq.gz:Zone.Identifier
note.sh                          reference.fa:Zone.Identifier  sampleA_R1_fastqc.zip             test.sh
practice_folder                  sam                           sampleA_R2.fq.gz                  testfiles
reference.fa                     sampleA_R1.fq.gz              sampleA_R2.fq.gz:Zone.Identifier  trim
binju@H225-LT3520-06:~$ mv out.fq.gz trim/
mv: cannot stat 'out.fq.gz': No such file or directory
binju@H225-LT3520-06:~$ mv *out.fq.gz trim/
binju@H225-LT3520-06:~$ ls
activity.sh                      reference.fa.amb              sampleA_R1.fq.gz:Zone.Identifier  sampleB_R1.fq.gz:Zone.Identifier
example_snp.vcf                  reference.fa.ann              sampleA_R1.out_fastqc.html        sampleB_R2.fq.gz
example_snp.vcf:Zone.Identifier  reference.fa.bwt              sampleA_R1.out_fastqc.zip         sampleB_R2.fq.gz:Zone.Identifier
nactivity.txt                    reference.fa.pac              sampleA_R1_fastqc.html            test.sh
new.sh                           reference.fa.sa               sampleA_R1_fastqc.zip             testfiles
note.sh                          reference.fa:Zone.Identifier  sampleA_R2.fq.gz                  trim
practice_folder                  sam                           sampleA_R2.fq.gz:Zone.Identifier
reference.fa                     sampleA_R1.fq.gz              sampleB_R1.fq.gz
binju@H225-LT3520-06:~$ cd trim
binju@H225-LT3520-06:~/trim$ ls
sampleA_R1.out.fq.gz  sampleA_R2.out.fq.gz
binju@H225-LT3520-06:~/trim$ cd ..
binju@H225-LT3520-06:~$ bwa mem reference.fa trim/sampleA_R1.out.fq.gz -p trim/sampleA_R2.out.fq.gz > sam/sampleA.sam
[M::bwa_idx_load_from_disk] read 0 ALT contigs
[W::main_mem] when '-p' is in use, the second query file is ignored.
[M::process] read 75450 sequences (10000074 bp)...
[M::process] 75450 single-end sequences; 0 paired-end sequences
[M::process] read 75500 sequences (10000157 bp)...
[M::mem_process_seqs] Processed 75450 reads in 20.404 CPU sec, 29.007 real sec
[M::process] 75500 single-end sequences; 0 paired-end sequences
[M::process] read 75362 sequences (10000029 bp)...
[M::mem_process_seqs] Processed 75500 reads in 18.583 CPU sec, 19.247 real sec
[M::process] 75362 single-end sequences; 0 paired-end sequences
[M::process] read 75336 sequences (10000175 bp)...
[M::mem_process_seqs] Processed 75362 reads in 17.769 CPU sec, 18.174 real sec
[M::process] 75336 single-end sequences; 0 paired-end sequences
[M::process] read 75266 sequences (10000153 bp)...
[M::mem_process_seqs] Processed 75336 reads in 18.243 CPU sec, 18.492 real sec
[M::process] 75266 single-end sequences; 0 paired-end sequences
[M::process] read 75344 sequences (10000248 bp)...
[M::mem_process_seqs] Processed 75266 reads in 18.665 CPU sec, 18.747 real sec
[M::process] 75344 single-end sequences; 0 paired-end sequences
[M::process] read 67466 sequences (8967301 bp)...
[M::mem_process_seqs] Processed 75344 reads in 18.350 CPU sec, 18.461 real sec
[M::process] 67466 single-end sequences; 0 paired-end sequences
[M::mem_process_seqs] Processed 67466 reads in 16.895 CPU sec, 16.983 real sec
[main] Version: 0.7.17-r1188
[main] CMD: bwa mem -p reference.fa trim/sampleA_R1.out.fq.gz trim/sampleA_R2.out.fq.gz
[main] Real time: 143.249 sec; CPU: 131.761 sec
binju@H225-LT3520-06:~$ cd sam
binju@H225-LT3520-06:~/sam$ ls
sampleA.sam
binju@H225-LT3520-06:~/sam$ cd ..
binju@H225-LT3520-06:~$ less sam/sampleA.sam
binju@H225-LT3520-06:~$ mkdir bam
binju@H225-LT3520-06:~$ ls
activity.sh                      practice_folder   reference.fa:Zone.Identifier      sampleA_R1_fastqc.zip             test.sh
bam                              reference.fa      sam                               sampleA_R2.fq.gz                  testfiles
example_snp.vcf                  reference.fa.amb  sampleA_R1.fq.gz                  sampleA_R2.fq.gz:Zone.Identifier  trim
example_snp.vcf:Zone.Identifier  reference.fa.ann  sampleA_R1.fq.gz:Zone.Identifier  sampleB_R1.fq.gz
nactivity.txt                    reference.fa.bwt  sampleA_R1.out_fastqc.html        sampleB_R1.fq.gz:Zone.Identifier
new.sh                           reference.fa.pac  sampleA_R1.out_fastqc.zip         sampleB_R2.fq.gz
note.sh                          reference.fa.sa   sampleA_R1_fastqc.html            sampleB_R2.fq.gz:Zone.Identifier
binju@H225-LT3520-06:~$ samtools view -S -b sam/sampleA.sam > bam/sampleA.bam
binju@H225-LT3520-06:~$ ls
activity.sh                      practice_folder   reference.fa:Zone.Identifier      sampleA_R1_fastqc.zip             test.sh
bam                              reference.fa      sam                               sampleA_R2.fq.gz                  testfiles
example_snp.vcf                  reference.fa.amb  sampleA_R1.fq.gz                  sampleA_R2.fq.gz:Zone.Identifier  trim
example_snp.vcf:Zone.Identifier  reference.fa.ann  sampleA_R1.fq.gz:Zone.Identifier  sampleB_R1.fq.gz
nactivity.txt                    reference.fa.bwt  sampleA_R1.out_fastqc.html        sampleB_R1.fq.gz:Zone.Identifier
new.sh                           reference.fa.pac  sampleA_R1.out_fastqc.zip         sampleB_R2.fq.gz
note.sh                          reference.fa.sa   sampleA_R1_fastqc.html            sampleB_R2.fq.gz:Zone.Identifier
binju@H225-LT3520-06:~$ cd bam
binju@H225-LT3520-06:~/bam$ ls
sampleA.bam
binju@H225-LT3520-06:~/bam$ cd ..
binju@H225-LT3520-06:~$ mkdir sort
binju@H225-LT3520-06:~$ mkdir index
binju@H225-LT3520-06:~$ ls
activity.sh                      reference.fa                  sampleA_R1.fq.gz:Zone.Identifier  sampleB_R2.fq.gz
bam                              reference.fa.amb              sampleA_R1.out_fastqc.html        sampleB_R2.fq.gz:Zone.Identifier
example_snp.vcf                  reference.fa.ann              sampleA_R1.out_fastqc.zip         sort
example_snp.vcf:Zone.Identifier  reference.fa.bwt              sampleA_R1_fastqc.html            test.sh
index                            reference.fa.pac              sampleA_R1_fastqc.zip             testfiles
nactivity.txt                    reference.fa.sa               sampleA_R2.fq.gz                  trim
new.sh                           reference.fa:Zone.Identifier  sampleA_R2.fq.gz:Zone.Identifier
note.sh                          sam                           sampleB_R1.fq.gz
practice_folder                  sampleA_R1.fq.gz              sampleB_R1.fq.gz:Zone.Identifier
binju@H225-LT3520-06:~$ rm-rf index
rm-rf: command not found
binju@H225-LT3520-06:~$ rmdir index
binju@H225-LT3520-06:~$ ls
activity.sh                      practice_folder   reference.fa:Zone.Identifier      sampleA_R1_fastqc.zip             sort
bam                              reference.fa      sam                               sampleA_R2.fq.gz                  test.sh
example_snp.vcf                  reference.fa.amb  sampleA_R1.fq.gz                  sampleA_R2.fq.gz:Zone.Identifier  testfiles
example_snp.vcf:Zone.Identifier  reference.fa.ann  sampleA_R1.fq.gz:Zone.Identifier  sampleB_R1.fq.gz                  trim
nactivity.txt                    reference.fa.bwt  sampleA_R1.out_fastqc.html        sampleB_R1.fq.gz:Zone.Identifier
new.sh                           reference.fa.pac  sampleA_R1.out_fastqc.zip         sampleB_R2.fq.gz
note.sh                          reference.fa.sa   sampleA_R1_fastqc.html            sampleB_R2.fq.gz:Zone.Identifier
binju@H225-LT3520-06:~$ samtools sort bam/sampleA.bam -o sort/sampleA.sorted.bam
binju@H225-LT3520-06:~$ ls
activity.sh                      sampleA_R1.fq.gz
bam                              sampleA_R1.fq.gz:Zone.Identifier
example_snp.vcf                  sampleA_R1.out_fastqc.html
example_snp.vcf:Zone.Identifier  sampleA_R1.out_fastqc.zip
nactivity.txt                    sampleA_R1_fastqc.html
new.sh                           sampleA_R1_fastqc.zip
note.sh                          sampleA_R2.fq.gz
practice_folder                  sampleA_R2.fq.gz:Zone.Identifier
reference.fa                     sampleB_R1.fq.gz
reference.fa.amb                 sampleB_R1.fq.gz:Zone.Identifier
reference.fa.ann                 sampleB_R2.fq.gz
reference.fa.bwt                 sampleB_R2.fq.gz:Zone.Identifier
reference.fa.pac                 sort
reference.fa.sa                  test.sh
reference.fa:Zone.Identifier     testfiles
sam                              trim
binju@H225-LT3520-06:~$ cd sort
binju@H225-LT3520-06:~/sort$ ls
sampleA.sorted.bam
binju@H225-LT3520-06:~/sort$ cd ..
binju@H225-LT3520-06:~$ samtools index sort/sampleA.sorted.bam
binju@H225-LT3520-06:~$ ls
activity.sh                      sampleA_R1.fq.gz
bam                              sampleA_R1.fq.gz:Zone.Identifier
example_snp.vcf                  sampleA_R1.out_fastqc.html
example_snp.vcf:Zone.Identifier  sampleA_R1.out_fastqc.zip
nactivity.txt                    sampleA_R1_fastqc.html
new.sh                           sampleA_R1_fastqc.zip
note.sh                          sampleA_R2.fq.gz
practice_folder                  sampleA_R2.fq.gz:Zone.Identifier
reference.fa                     sampleB_R1.fq.gz
reference.fa.amb                 sampleB_R1.fq.gz:Zone.Identifier
reference.fa.ann                 sampleB_R2.fq.gz
reference.fa.bwt                 sampleB_R2.fq.gz:Zone.Identifier
reference.fa.pac                 sort
reference.fa.sa                  test.sh
reference.fa:Zone.Identifier     testfiles
sam                              trim
binju@H225-LT3520-06:~$ cd sort
binju@H225-LT3520-06:~/sort$ ls
sampleA.sorted.bam  sampleA.sorted.bam.bai
binju@H225-LT3520-06:~/sort$ cd ..
binju@H225-LT3520-06:~$ sudo apt install igv
[sudo] password for binju:
Reading package lists... Done
Building dependency tree... Done
Reading state information... Done
The following additional packages will be installed:
  ant ant-optional java-wrappers libatinject-jsr330-api-java
  libbatik-java libcolt-free-java libcommons-beanutils-java
  libcommons-codec-java libcommons-collections3-java
  libcommons-configuration-java libcommons-lang-java libdsiutils-java
  liberror-prone-java libfastutil-java libgoogle-gson-java
  libguava-java libhttpclient-java libhttpcore-java libicb-utils-java
  libicu4j-java libjaxp1.3-java libjide-oss-java libjsap-java
  libjsr305-java liblightcouch-java liblog4j1.2-java liblog4j2-java
  liblogback-java libmariadb-java libmongodb-java
  libnb-absolutelayout-java libprotobuf-java libslf4j-java
  libswing-layout-java libxml-commons-external-java
  libxmlgraphics-commons-java libxpp3-java libxstream-java unzip
Suggested packages:
  ant-doc default-jdk | java-compiler | java-sdk antlr javacc junit
  junit4 jython libactivation-java libbcel-java libbsf-java
  libcommons-net-java libmail-java libjdepend-java libjsch-java
  liboro-java libregexp-java libxalan2-java
  libxml-commons-resolver1.1-java libxz-java
  libatinject-jsr330-api-java-doc libcommons-collections3-java-doc
  libcommons-digester-java libcommons-jxpath-java libcommons-vfs-java
  libcommons-lang-java-doc libgoogle-gson-java-doc
  libjide-oss-java-doc libjsap-java-doc libjsr305-java-doc
  liblog4j1.2-java-doc libcommons-csv-java
  libconversant-disruptor-java libdisruptor-java
  libgeronimo-jms-1.1-spec-java libjackson2-dataformat-xml-java
  libjackson2-dataformat-yaml libjansi-java libjctools-java
  libjeromq-java libwoodstox-java libjanino-java libjetty9-java
  libservlet-api-java libtomcat9-java libjna-java libjna-platform-java
  libswing-layout-java-doc libxmlgraphics-commons-java-doc
  libcglib-nodep-java libdom4j-java libjdom1-java libjdom2-java
  libjettison-java libjoda-time-java libkxml2-java libxom-java zip
The following NEW packages will be installed:
  ant ant-optional igv java-wrappers libatinject-jsr330-api-java
  libbatik-java libcolt-free-java libcommons-beanutils-java
  libcommons-codec-java libcommons-collections3-java
  libcommons-configuration-java libcommons-lang-java libdsiutils-java
  liberror-prone-java libfastutil-java libgoogle-gson-java
  libguava-java libhttpclient-java libhttpcore-java libicb-utils-java
  libicu4j-java libjaxp1.3-java libjide-oss-java libjsap-java
  libjsr305-java liblightcouch-java liblog4j1.2-java liblog4j2-java
  liblogback-java libmariadb-java libmongodb-java
  libnb-absolutelayout-java libprotobuf-java libslf4j-java
  libswing-layout-java libxml-commons-external-java
  libxmlgraphics-commons-java libxpp3-java libxstream-java unzip
0 upgraded, 40 newly installed, 0 to remove and 109 not upgraded.
Need to get 64.4 MB of archives.
After this operation, 85.2 MB of additional disk space will be used.
Do you want to continue? [Y/n] y
Ign:1 http://archive.ubuntu.com/ubuntu noble/universe amd64 ant all 1.10.14-1
Ign:2 http://archive.ubuntu.com/ubuntu noble/universe amd64 ant-optional all 1.10.14-1
Ign:3 http://archive.ubuntu.com/ubuntu noble-updates/main amd64 unzip amd64 6.0-28ubuntu4.1
Ign:4 http://archive.ubuntu.com/ubuntu noble/universe amd64 java-wrappers all 0.4
Ign:5 http://archive.ubuntu.com/ubuntu noble/universe amd64 libjaxp1.3-java all 1.3.05-6
Ign:6 http://archive.ubuntu.com/ubuntu noble/universe amd64 libxml-commons-external-java all 1.4.01-6
Ign:7 http://archive.ubuntu.com/ubuntu noble/universe amd64 libxmlgraphics-commons-java all 2.8-2
Ign:8 http://archive.ubuntu.com/ubuntu noble/universe amd64 libbatik-java all 1.17+dfsg-1
Ign:9 http://archive.ubuntu.com/ubuntu noble/universe amd64 libfastutil-java all 8.5.12+dfsg-1
Ign:10 http://archive.ubuntu.com/ubuntu noble/universe amd64 libatinject-jsr330-api-java all 1.0+ds1-5
Ign:11 http://archive.ubuntu.com/ubuntu noble/universe amd64 liberror-prone-java all 2.18.0-1
Ign:12 http://archive.ubuntu.com/ubuntu noble/universe amd64 libjsr305-java all 0.1~+svn49-11
Ign:13 http://archive.ubuntu.com/ubuntu noble/universe amd64 libguava-java all 32.0.1-1
Ign:14 http://archive.ubuntu.com/ubuntu noble/universe amd64 libxpp3-java all 1.1.4c-3
Ign:15 http://archive.ubuntu.com/ubuntu noble/universe amd64 libxstream-java all 1.4.20-1
0% [Connecting to archive.ubuntu.com]
