Windows Subsystem for Linux is now available in the Microsoft Store!
You can upgrade by running 'wsl.exe --update' or by visiting https://aka.ms/wslstorepage
Installing WSL from the Microsoft Store will give you the latest WSL updates, faster.
For more information please visit https://aka.ms/wslstoreinfo

Welcome to Ubuntu 24.04.1 LTS (GNU/Linux 5.10.16.3-microsoft-standard-WSL2 x86_64)

 * Documentation:  https://help.ubuntu.com
 * Management:     https://landscape.canonical.com
 * Support:        https://ubuntu.com/pro

 System information as of Mon Mar  3 21:12:09 EST 2025

  System load:  0.0                Processes:             9
  Usage of /:   3.2% of 250.98GB   Users logged in:       0
  Memory usage: 1%                 IPv4 address for eth0: 172.18.249.231
  Swap usage:   0%

This message is shown once a day. To disable it please create the
/home/binju/.hushlogin file.
binju@H225-LT3520-06:~$ sudo qpt install igv
[sudo] password for binju:
sudo: qpt: command not found
binju@H225-LT3520-06:~$ sudo apt install igv
Reading package lists... Done
Building dependency tree... Done
Reading state information... Done
The following additional packages will be installed:
  ant ant-optional java-wrappers libatinject-jsr330-api-java
  libbatik-java libcolt-free-java libcommons-beanutils-java
  libcommons-codec-java libcommons-collections3-java
  libcommons-configuration-java libcommons-lang-java libdsiutils-java
  liberror-prone-java libfastutil-java libgoogle-gson-java
  libguava-java libhttpclient-java libhttpcore-java libicb-utils-java
  libicu4j-java libjaxp1.3-java libjide-oss-java libjsap-java
  libjsr305-java liblightcouch-java liblog4j1.2-java liblog4j2-java
  liblogback-java libmariadb-java libmongodb-java
  libnb-absolutelayout-java libprotobuf-java libslf4j-java
  libswing-layout-java libxml-commons-external-java
  libxmlgraphics-commons-java libxpp3-java libxstream-java unzip
Suggested packages:
  ant-doc default-jdk | java-compiler | java-sdk antlr javacc junit
  junit4 jython libactivation-java libbcel-java libbsf-java
  libcommons-net-java libmail-java libjdepend-java libjsch-java
  liboro-java libregexp-java libxalan2-java
  libxml-commons-resolver1.1-java libxz-java
  libatinject-jsr330-api-java-doc libcommons-collections3-java-doc
  libcommons-digester-java libcommons-jxpath-java libcommons-vfs-java
  libcommons-lang-java-doc libgoogle-gson-java-doc
  libjide-oss-java-doc libjsap-java-doc libjsr305-java-doc
  liblog4j1.2-java-doc libcommons-csv-java
  libconversant-disruptor-java libdisruptor-java
  libgeronimo-jms-1.1-spec-java libjackson2-dataformat-xml-java
  libjackson2-dataformat-yaml libjansi-java libjctools-java
  libjeromq-java libwoodstox-java libjanino-java libjetty9-java
  libservlet-api-java libtomcat9-java libjna-java libjna-platform-java
  libswing-layout-java-doc libxmlgraphics-commons-java-doc
  libcglib-nodep-java libdom4j-java libjdom1-java libjdom2-java
  libjettison-java libjoda-time-java libkxml2-java libxom-java zip
The following NEW packages will be installed:
  ant ant-optional igv java-wrappers libatinject-jsr330-api-java
  libbatik-java libcolt-free-java libcommons-beanutils-java
  libcommons-codec-java libcommons-collections3-java
  libcommons-configuration-java libcommons-lang-java libdsiutils-java
  liberror-prone-java libfastutil-java libgoogle-gson-java
  libguava-java libhttpclient-java libhttpcore-java libicb-utils-java
  libicu4j-java libjaxp1.3-java libjide-oss-java libjsap-java
  libjsr305-java liblightcouch-java liblog4j1.2-java liblog4j2-java
  liblogback-java libmariadb-java libmongodb-java
  libnb-absolutelayout-java libprotobuf-java libslf4j-java
  libswing-layout-java libxml-commons-external-java
  libxmlgraphics-commons-java libxpp3-java libxstream-java unzip
0 upgraded, 40 newly installed, 0 to remove and 109 not upgraded.
Need to get 64.4 MB of archives.
After this operation, 85.2 MB of additional disk space will be used.
Do you want to continue? [Y/n] y
Get:1 http://archive.ubuntu.com/ubuntu noble/universe amd64 ant all 1.10.14-1 [2147 kB]
Get:2 http://archive.ubuntu.com/ubuntu noble/universe amd64 ant-optional all 1.10.14-1 [451 kB]
Get:3 http://archive.ubuntu.com/ubuntu noble-updates/main amd64 unzip amd64 6.0-28ubuntu4.1 [174 kB]
Get:4 http://archive.ubuntu.com/ubuntu noble/universe amd64 java-wrappers all 0.4 [8662 B]
Get:5 http://archive.ubuntu.com/ubuntu noble/universe amd64 libjaxp1.3-java all 1.3.05-6 [227 kB]
Get:6 http://archive.ubuntu.com/ubuntu noble/universe amd64 libxml-commons-external-java all 1.4.01-6 [240 kB]
Get:7 http://archive.ubuntu.com/ubuntu noble/universe amd64 libxmlgraphics-commons-java all 2.8-2 [619 kB]
Get:8 http://archive.ubuntu.com/ubuntu noble/universe amd64 libbatik-java all 1.17+dfsg-1 [3877 kB]
Get:9 http://archive.ubuntu.com/ubuntu noble/universe amd64 libfastutil-java all 8.5.12+dfsg-1 [19.8 MB]
Get:10 http://archive.ubuntu.com/ubuntu noble/universe amd64 libatinject-jsr330-api-java all 1.0+ds1-5 [5348 B]
Get:11 http://archive.ubuntu.com/ubuntu noble/universe amd64 liberror-prone-java all 2.18.0-1 [22.5 kB]
Get:12 http://archive.ubuntu.com/ubuntu noble/universe amd64 libjsr305-java all 0.1~+svn49-11 [27.0 kB]
Get:13 http://archive.ubuntu.com/ubuntu noble/universe amd64 libguava-java all 32.0.1-1 [2692 kB]
Get:14 http://archive.ubuntu.com/ubuntu noble/universe amd64 libxpp3-java all 1.1.4c-3 [292 kB]
Get:15 http://archive.ubuntu.com/ubuntu noble/universe amd64 libxstream-java all 1.4.20-1 [561 kB]
Get:16 http://archive.ubuntu.com/ubuntu noble/universe amd64 libjsap-java all 2.1-5 [100 kB]
Get:17 http://archive.ubuntu.com/ubuntu noble/universe amd64 libslf4j-java all 1.7.32-1 [141 kB]
Get:18 http://archive.ubuntu.com/ubuntu noble/universe amd64 liblogback-java all 1:1.2.11-5 [697 kB]
Get:19 http://archive.ubuntu.com/ubuntu noble/universe amd64 libcommons-lang-java all 2.6-10 [270 kB]
Get:20 http://archive.ubuntu.com/ubuntu noble/universe amd64 libcommons-configuration-java all 1.10-6 [342 kB]
Get:21 http://archive.ubuntu.com/ubuntu noble/universe amd64 libcommons-collections3-java all 3.2.2-3 [526 kB]
Get:22 http://archive.ubuntu.com/ubuntu noble/universe amd64 libdsiutils-java all 2.7.3+dfsg-1 [511 kB]
Get:23 http://archive.ubuntu.com/ubuntu noble/universe amd64 libgoogle-gson-java all 2.10.1-1 [252 kB]
Get:24 http://archive.ubuntu.com/ubuntu noble/universe amd64 libcommons-beanutils-java all 1.9.4-2 [228 kB]
Get:25 http://archive.ubuntu.com/ubuntu noble/universe amd64 libicu4j-java all 73.2-1 [16.4 MB]
Get:26 http://archive.ubuntu.com/ubuntu noble/universe amd64 libcolt-free-java all 1.2.0+dfsg-8 [438 kB]
Get:27 http://archive.ubuntu.com/ubuntu noble/universe amd64 liblog4j1.2-java all 1.2.17-11 [439 kB]
Get:28 http://archive.ubuntu.com/ubuntu noble/universe amd64 libicb-utils-java all 2.0.1+git20161002.afee1d9-5 [80.9 kB]
Get:29 http://archive.ubuntu.com/ubuntu noble/universe amd64 libjide-oss-java all 3.7.6+dfsg-2 [1312 kB]
Get:30 http://archive.ubuntu.com/ubuntu noble/universe amd64 libcommons-codec-java all 1.16.0-1 [306 kB]
Get:31 http://archive.ubuntu.com/ubuntu noble/universe amd64 libhttpcore-java all 4.4.16-1 [612 kB]
Get:32 http://archive.ubuntu.com/ubuntu noble/universe amd64 libhttpclient-java all 4.5.14-1 [1241 kB]
Get:33 http://archive.ubuntu.com/ubuntu noble/universe amd64 liblightcouch-java all 0.2.0-1 [74.2 kB]
Get:34 http://archive.ubuntu.com/ubuntu noble/universe amd64 libmongodb-java all 3.6.3-2 [1899 kB]
Get:35 http://archive.ubuntu.com/ubuntu noble/universe amd64 liblog4j2-java all 2.19.0-2 [2294 kB]
Get:36 http://archive.ubuntu.com/ubuntu noble/universe amd64 libnb-absolutelayout-java all 12.1-3 [7292 B]
Get:37 http://archive.ubuntu.com/ubuntu noble/universe amd64 libprotobuf-java all 3.21.12-8.2build1 [1208 kB]
Get:38 http://archive.ubuntu.com/ubuntu noble/universe amd64 libswing-layout-java all 1.0.4-4.1 [44.4 kB]
Get:39 http://archive.ubuntu.com/ubuntu noble/universe amd64 igv all 2.17.3+dfsg-1 [3254 kB]
Get:40 http://archive.ubuntu.com/ubuntu noble/universe amd64 libmariadb-java all 2.7.6-1 [586 kB]
Fetched 64.4 MB in 5s (13.8 MB/s)
Extracting templates from packages: 100%
Selecting previously unselected package ant.
(Reading database ... 42861 files and directories currently installed.)
Preparing to unpack .../00-ant_1.10.14-1_all.deb ...
Unpacking ant (1.10.14-1) ...
Selecting previously unselected package ant-optional.
Preparing to unpack .../01-ant-optional_1.10.14-1_all.deb ...
Unpacking ant-optional (1.10.14-1) ...
Selecting previously unselected package unzip.
Preparing to unpack .../02-unzip_6.0-28ubuntu4.1_amd64.deb ...
Unpacking unzip (6.0-28ubuntu4.1) ...
Selecting previously unselected package java-wrappers.
Preparing to unpack .../03-java-wrappers_0.4_all.deb ...
Unpacking java-wrappers (0.4) ...
Selecting previously unselected package libjaxp1.3-java.
Preparing to unpack .../04-libjaxp1.3-java_1.3.05-6_all.deb ...
Unpacking libjaxp1.3-java (1.3.05-6) ...
Selecting previously unselected package libxml-commons-external-java.
Preparing to unpack .../05-libxml-commons-external-java_1.4.01-6_all.deb
 ...
Unpacking libxml-commons-external-java (1.4.01-6) ...
Selecting previously unselected package libxmlgraphics-commons-java.
Preparing to unpack .../06-libxmlgraphics-commons-java_2.8-2_all.deb ...
Unpacking libxmlgraphics-commons-java (2.8-2) ...
Selecting previously unselected package libbatik-java.
Preparing to unpack .../07-libbatik-java_1.17+dfsg-1_all.deb ...
Unpacking libbatik-java (1.17+dfsg-1) ...
Selecting previously unselected package libfastutil-java.
Preparing to unpack .../08-libfastutil-java_8.5.12+dfsg-1_all.deb ...
Unpacking libfastutil-java (8.5.12+dfsg-1) ...
Selecting previously unselected package libatinject-jsr330-api-java.
Preparing to unpack .../09-libatinject-jsr330-api-java_1.0+ds1-5_all.deb
 ...
Unpacking libatinject-jsr330-api-java (1.0+ds1-5) ...
Selecting previously unselected package liberror-prone-java.
Preparing to unpack .../10-liberror-prone-java_2.18.0-1_all.deb ...
Unpacking liberror-prone-java (2.18.0-1) ...
Selecting previously unselected package libjsr305-java.
Preparing to unpack .../11-libjsr305-java_0.1~+svn49-11_all.deb ...
Unpacking libjsr305-java (0.1~+svn49-11) ...
Selecting previously unselected package libguava-java.
Preparing to unpack .../12-libguava-java_32.0.1-1_all.deb ...
Unpacking libguava-java (32.0.1-1) ...
Selecting previously unselected package libxpp3-java.
Preparing to unpack .../13-libxpp3-java_1.1.4c-3_all.deb ...
Unpacking libxpp3-java (1.1.4c-3) ...
Selecting previously unselected package libxstream-java.
Preparing to unpack .../14-libxstream-java_1.4.20-1_all.deb ...
Unpacking libxstream-java (1.4.20-1) ...
Selecting previously unselected package libjsap-java.
Preparing to unpack .../15-libjsap-java_2.1-5_all.deb ...
Unpacking libjsap-java (2.1-5) ...
Selecting previously unselected package libslf4j-java.
Preparing to unpack .../16-libslf4j-java_1.7.32-1_all.deb ...
Unpacking libslf4j-java (1.7.32-1) ...
Selecting previously unselected package liblogback-java.
Preparing to unpack .../17-liblogback-java_1%3a1.2.11-5_all.deb ...
Unpacking liblogback-java (1:1.2.11-5) ...
Selecting previously unselected package libcommons-lang-java.
Preparing to unpack .../18-libcommons-lang-java_2.6-10_all.deb ...
Unpacking libcommons-lang-java (2.6-10) ...
Selecting previously unselected package libcommons-configuration-java.
Preparing to unpack .../19-libcommons-configuration-java_1.10-6_all.deb
...
Unpacking libcommons-configuration-java (1.10-6) ...
Selecting previously unselected package libcommons-collections3-java.
Preparing to unpack .../20-libcommons-collections3-java_3.2.2-3_all.deb
...
Unpacking libcommons-collections3-java (3.2.2-3) ...
Selecting previously unselected package libdsiutils-java.
Preparing to unpack .../21-libdsiutils-java_2.7.3+dfsg-1_all.deb ...
Unpacking libdsiutils-java (2.7.3+dfsg-1) ...
Selecting previously unselected package libgoogle-gson-java.
Preparing to unpack .../22-libgoogle-gson-java_2.10.1-1_all.deb ...
Unpacking libgoogle-gson-java (2.10.1-1) ...
Selecting previously unselected package libcommons-beanutils-java.
Preparing to unpack .../23-libcommons-beanutils-java_1.9.4-2_all.deb ...
Unpacking libcommons-beanutils-java (1.9.4-2) ...
Selecting previously unselected package libicu4j-java.
Preparing to unpack .../24-libicu4j-java_73.2-1_all.deb ...
Unpacking libicu4j-java (73.2-1) ...
Selecting previously unselected package libcolt-free-java.
Preparing to unpack .../25-libcolt-free-java_1.2.0+dfsg-8_all.deb ...
Unpacking libcolt-free-java (1.2.0+dfsg-8) ...
Selecting previously unselected package liblog4j1.2-java.
Preparing to unpack .../26-liblog4j1.2-java_1.2.17-11_all.deb ...
Unpacking liblog4j1.2-java (1.2.17-11) ...
Selecting previously unselected package libicb-utils-java.
Preparing to unpack .../27-libicb-utils-java_2.0.1+git20161002.afee1d9-5
_all.deb ...
Unpacking libicb-utils-java (2.0.1+git20161002.afee1d9-5) ...
Selecting previously unselected package libjide-oss-java.
Preparing to unpack .../28-libjide-oss-java_3.7.6+dfsg-2_all.deb ...
Unpacking libjide-oss-java (3.7.6+dfsg-2) ...
Selecting previously unselected package libcommons-codec-java.
Preparing to unpack .../29-libcommons-codec-java_1.16.0-1_all.deb ...
Unpacking libcommons-codec-java (1.16.0-1) ...
Selecting previously unselected package libhttpcore-java.
Preparing to unpack .../30-libhttpcore-java_4.4.16-1_all.deb ...
Unpacking libhttpcore-java (4.4.16-1) ...
Selecting previously unselected package libhttpclient-java.
Preparing to unpack .../31-libhttpclient-java_4.5.14-1_all.deb ...
Unpacking libhttpclient-java (4.5.14-1) ...
Selecting previously unselected package liblightcouch-java.
Preparing to unpack .../32-liblightcouch-java_0.2.0-1_all.deb ...
Unpacking liblightcouch-java (0.2.0-1) ...
Selecting previously unselected package libmongodb-java.
Preparing to unpack .../33-libmongodb-java_3.6.3-2_all.deb ...
Unpacking libmongodb-java (3.6.3-2) ...
Selecting previously unselected package liblog4j2-java.
Preparing to unpack .../34-liblog4j2-java_2.19.0-2_all.deb ...
Unpacking liblog4j2-java (2.19.0-2) ...
Selecting previously unselected package libnb-absolutelayout-java.
Preparing to unpack .../35-libnb-absolutelayout-java_12.1-3_all.deb ...
Unpacking libnb-absolutelayout-java (12.1-3) ...
Selecting previously unselected package libprotobuf-java.
Preparing to unpack .../36-libprotobuf-java_3.21.12-8.2build1_all.deb ...
Unpacking libprotobuf-java (3.21.12-8.2build1) ...
Selecting previously unselected package libswing-layout-java.
Preparing to unpack .../37-libswing-layout-java_1.0.4-4.1_all.deb ...
Unpacking libswing-layout-java (1.0.4-4.1) ...
Selecting previously unselected package igv.
Preparing to unpack .../38-igv_2.17.3+dfsg-1_all.deb ...
Unpacking igv (2.17.3+dfsg-1) ...
Selecting previously unselected package libmariadb-java.
Preparing to unpack .../39-libmariadb-java_2.7.6-1_all.deb ...
Unpacking libmariadb-java (2.7.6-1) ...
Setting up libfastutil-java (8.5.12+dfsg-1) ...
Setting up libslf4j-java (1.7.32-1) ...
Setting up libjide-oss-java (3.7.6+dfsg-2) ...
Setting up libjsr305-java (0.1~+svn49-11) ...
Setting up libicu4j-java (73.2-1) ...
Setting up liblogback-java (1:1.2.11-5) ...
Setting up libswing-layout-java (1.0.4-4.1) ...
Setting up libgoogle-gson-java (2.10.1-1) ...
Setting up unzip (6.0-28ubuntu4.1) ...
Setting up liblog4j1.2-java (1.2.17-11) ...
Setting up libxmlgraphics-commons-java (2.8-2) ...
Setting up libcommons-lang-java (2.6-10) ...
Setting up libcommons-collections3-java (3.2.2-3) ...
Setting up libnb-absolutelayout-java (12.1-3) ...
Setting up libxpp3-java (1.1.4c-3) ...
Setting up libatinject-jsr330-api-java (1.0+ds1-5) ...
Setting up libmariadb-java (2.7.6-1) ...
Setting up libmongodb-java (3.6.3-2) ...
Setting up ant (1.10.14-1) ...
Setting up libcolt-free-java (1.2.0+dfsg-8) ...
Setting up libxml-commons-external-java (1.4.01-6) ...
Setting up libcommons-beanutils-java (1.9.4-2) ...
Setting up libhttpcore-java (4.4.16-1) ...
Setting up libcommons-configuration-java (1.10-6) ...
Setting up libjaxp1.3-java (1.3.05-6) ...
Setting up libcommons-codec-java (1.16.0-1) ...
Setting up libxstream-java (1.4.20-1) ...
Setting up java-wrappers (0.4) ...
Setting up libbatik-java (1.17+dfsg-1) ...
Setting up ant-optional (1.10.14-1) ...
Setting up libjsap-java (2.1-5) ...
Setting up libhttpclient-java (4.5.14-1) ...
Setting up liblightcouch-java (0.2.0-1) ...
Setting up liblog4j2-java (2.19.0-2) ...
Setting up liberror-prone-java (2.18.0-1) ...
Setting up libguava-java (32.0.1-1) ...
Setting up libdsiutils-java (2.7.3+dfsg-1) ...
Setting up libprotobuf-java (3.21.12-8.2build1) ...
Setting up libicb-utils-java (2.0.1+git20161002.afee1d9-5) ...
Setting up igv (2.17.3+dfsg-1) ...
Processing triggers for hicolor-icon-theme (0.17-2) ...
Processing triggers for man-db (2.12.0-4build2) ...
binju@H225-LT3520-06:~$ igv
Mar 03, 2025 9:12:55 PM java.util.prefs.FileSystemPreferences$1 run
INFO: Created user preferences directory.
INFO [Mar 03,2025 21:12] [Main] Startup  IGV Version user not_set
INFO [Mar 03,2025 21:12] [Main] Java 21.0.6 (build 21.0.6+7-Ubuntu-124.04.1) 2025-01-21
INFO [Mar 03,2025 21:12] [Main] Java Vendor: Ubuntu https://ubuntu.com/
INFO [Mar 03,2025 21:12] [Main] JVM: OpenJDK 64-Bit Server VM
INFO [Mar 03,2025 21:12] [Main] OS: Linux 5.10.16.3-microsoft-standard-WSL2 amd64
INFO [Mar 03,2025 21:12] [Main] IGV Directory: /home/binju/igv
SEVERE [Mar 03,2025 21:12] [DefaultExceptionHandler] Unhandled exception
SEVERE [Mar 03,2025 21:12] [DefaultExceptionHandler] java.awt.HeadlessException:
No X11 DISPLAY variable was set,
or no headful library support was found,
but this program performed an operation which requires it,

        at java.desktop/java.awt.GraphicsEnvironment.checkHeadless(GraphicsEnvironment.java:164)
        at java.desktop/java.awt.Window.<init>(Window.java:553)
        at java.desktop/java.awt.Frame.<init>(Frame.java:428)
        at java.desktop/java.awt.Frame.<init>(Frame.java:393)
        at java.desktop/javax.swing.JFrame.<init>(JFrame.java:180)
        at org.broad.igv.ui.Main.lambda$main$0(Main.java:109)
        at java.desktop/java.awt.event.InvocationEvent.dispatch(InvocationEvent.java:318)
        at java.desktop/java.awt.EventQueue.dispatchEventImpl(EventQueue.java:773)
        at java.desktop/java.awt.EventQueue$4.run(EventQueue.java:720)
        at java.desktop/java.awt.EventQueue$4.run(EventQueue.java:714)
        at java.base/java.security.AccessController.doPrivileged(AccessController.java:400)
        at java.base/java.security.ProtectionDomain$JavaSecurityAccessImpl.doIntersectionPrivilege(ProtectionDomain.java:87)
        at java.desktop/java.awt.EventQueue.dispatchEvent(EventQueue.java:742)
        at java.desktop/java.awt.EventDispatchThread.pumpOneEventForFilters(EventDispatchThread.java:203)
        at java.desktop/java.awt.EventDispatchThread.pumpEventsForFilter(EventDispatchThread.java:124)
        at java.desktop/java.awt.EventDispatchThread.pumpEventsForHierarchy(EventDispatchThread.java:113)
        at java.desktop/java.awt.EventDispatchThread.pumpEvents(EventDispatchThread.java:109)
        at java.desktop/java.awt.EventDispatchThread.pumpEvents(EventDispatchThread.java:101)
        at java.desktop/java.awt.EventDispatchThread.run(EventDispatchThread.java:90)

INFO [Mar 03,2025 21:12] [ShutdownThread] Shutting down
binju@H225-LT3520-06:~$ ls
activity.sh                      sam
bam                              sampleA_R1.fq.gz
example_snp.vcf                  sampleA_R1.fq.gz:Zone.Identifier
example_snp.vcf:Zone.Identifier  sampleA_R1.out_fastqc.html
igv                              sampleA_R1.out_fastqc.zip
nactivity.txt                    sampleA_R1_fastqc.html
new.sh                           sampleA_R1_fastqc.zip
note.sh                          sampleA_R2.fq.gz
practice_folder                  sampleA_R2.fq.gz:Zone.Identifier
reference.fa                     sampleB_R1.fq.gz
reference.fa.amb                 sampleB_R1.fq.gz:Zone.Identifier
reference.fa.ann                 sampleB_R2.fq.gz
reference.fa.bwt                 sampleB_R2.fq.gz:Zone.Identifier
reference.fa.fai                 sort
reference.fa.pac                 test.sh
reference.fa.sa                  testfiles
reference.fa:Zone.Identifier     trim
binju@H225-LT3520-06:~$ cd bam
binju@H225-LT3520-06:~/bam$ ls
sampleA.bam
binju@H225-LT3520-06:~/bam$ cd ..
binju@H225-LT3520-06:~$ cd sort
binju@H225-LT3520-06:~/sort$ ls
sampleA.sorted.bam  sampleA.sorted.bam.bai
binju@H225-LT3520-06:~/sort$ cd ..
binju@H225-LT3520-06:~$ cd bam
binju@H225-LT3520-06:~/bam$ ls
sampleA.bam
binju@H225-LT3520-06:~/bam$ ls
sampleA.bam
binju@H225-LT3520-06:~/bam$ testfiles
testfiles: command not found
binju@H225-LT3520-06:~/bam$ cd ..
binju@H225-LT3520-06:~$ cd testfiles
binju@H225-LT3520-06:~/testfiles$ ls
empty.txt
binju@H225-LT3520-06:~/testfiles$ cd ..
binju@H225-LT3520-06:~$ cd sort
binju@H225-LT3520-06:~/sort$ ls
sampleA.sorted.bam  sampleA.sorted.bam.bai
binju@H225-LT3520-06:~/sort$ ls
sampleA.sorted.bam  sampleA.sorted.bam.bai
binju@H225-LT3520-06:~/sort$ cd ..
binju@H225-LT3520-06:~$ ls
activity.sh                      practice_folder               sam                               sampleB_R1.fq.gz
bam                              reference.fa                  sampleA_R1.fq.gz                  sampleB_R1.fq.gz:Zone.Identifier
example_snp.vcf                  reference.fa.amb              sampleA_R1.fq.gz:Zone.Identifier  sampleB_R2.fq.gz
example_snp.vcf:Zone.Identifier  reference.fa.ann              sampleA_R1.out_fastqc.html        sampleB_R2.fq.gz:Zone.Identifier
igv                              reference.fa.bwt              sampleA_R1.out_fastqc.zip         sort
igv_snapshot.png                 reference.fa.fai              sampleA_R1_fastqc.html            test.sh
nactivity.txt                    reference.fa.pac              sampleA_R1_fastqc.zip             testfiles
new.sh                           reference.fa.sa               sampleA_R2.fq.gz                  trim
note.sh                          reference.fa:Zone.Identifier  sampleA_R2.fq.gz:Zone.Identifier
binju@H225-LT3520-06:~$
